data/train.csv
date,t,dow,price,promo,sales
2025-07-28,574,0,17.78,0,187.57
2025-07-29,575,1,12.57,0,195.09
2025-07-30,576,2,18.64,0,176.26
2025-07-31,577,3,13.81,1,241.12
2025-08-01,578,4,17.75,0,204.43
2025-08-02,579,5,10.11,0,237.4
2025-08-03,580,6,12.48,0,258.73
2025-08-04,581,0,12.97,0,197.98
2025-08-05,582,1,6.57,1,234.97
2025-08-06,583,2,10.98,0,176.72
2025-08-07,584,3,18.76,0,148.35
2025-08-08,585,4,14.46,0,202.22
2025-08-09,586,5,7.66,1,323.39
2025-08-10,587,6,10.08,0,226.98
2025-08-11,588,0,7.87,1,286.05
2025-08-12,589,1,5.37,0,237.75
2025-08-13,590,2,18.91,0,172.02
2025-08-14,591,3,11.72,1,220.61
2025-08-15,592,4,9.61,0,204.06
2025-08-16,593,5,13.98,1,292.44
2025-08-17,594,6,5.11,0,267.36
2025-08-18,595,0,9.17,0,177.25
2025-08-19,596,1,15.55,0,170.58
2025-08-20,597,2,14.51,0,171.54
2025-08-21,598,3,19.73,1,202.33
2025-08-22,599,4,14.31,1,224.03
2025-08-23,600,5,12.16,0,215.87
2025-08-24,601,6,16.42,0,200.92
2025-08-25,602,0,18.55,0,168.48
2025-08-26,603,1,15.81,0,178.82
2025-08-27,604,2,19.45,0,170.26
2025-08-28,605,3,16.73,0,166.82
2025-08-29,606,4,18.0,0,175.41
2025-08-30,607,5,6.71,0,257.83
2025-08-31,608,6,15.99,0,211.73
2025-09-01,609,0,11.6,0,181.78
2025-09-02,610,1,13.3,1,228.05
2025-09-03,611,2,14.81,0,180.21
2025-09-04,612,3,19.55,0,180.76
2025-09-05,613,4,19.77,0,202.24
2025-09-06,614,5,9.32,0,219.9
2025-09-07,615,6,16.01,1,272.85
2025-09-08,616,0,16.25,0,169.83
2025-09-09,617,1,10.2,0,186.28
2025-09-10,618,2,6.86,1,232.65
2025-09-11,619,3,5.61,1,239.92
2025-09-12,620,4,16.66,0,184.03
2025-09-13,621,5,12.35,0,205.93
2025-09-14,622,6,19.78,0,190.01
2025-09-15,623,0,11.97,0,171.77
2025-09-16,624,1,19.67,0,137.24
2025-09-17,625,2,11.17,0,180.4
2025-09-18,626,3,16.91,1,208.34
2025-09-19,627,4,6.27,0,239.24
2025-09-20,628,5,13.33,0,245.55
2025-09-21,629,6,17.03,0,199.6
2025-09-22,630,0,18.87,0,167.52
2025-09-23,631,1,17.34,0,143.26
2025-09-24,632,2,5.55,1,232.0
2025-09-25,633,3,10.59,1,252.75
2025-09-26,634,4,5.73,0,220.85
2025-09-27,635,5,6.64,0,231.67
2025-09-28,636,6,15.13,0,200.57
2025-09-29,637,0,15.7,0,167.98
2025-09-30,638,1,16.61,1,188.01
2025-10-01,639,2,17.98,0,148.04
2025-10-02,640,3,16.09,0,186.66
2025-10-03,641,4,17.01,0,168.41
2025-10-04,642,5,5.73,0,234.05
2025-10-05,643,6,8.52,0,244.39
2025-10-06,644,0,14.33,0,181.74
2025-10-07,645,1,17.87,0,149.11
2025-10-08,646,2,5.07,0,192.83
2025-10-09,647,3,12.72,0,169.51
2025-10-10,648,4,15.16,0,186.24
2025-10-11,649,5,5.44,0,275.91
2025-10-12,650,6,11.02,1,274.78
2025-10-13,651,0,18.43,0,161.52
2025-10-14,652,1,15.07,0,178.17
2025-10-15,653,2,8.56,0,155.8
2025-10-16,654,3,17.79,0,180.69
2025-10-17,655,4,10.22,0,190.39
2025-10-18,656,5,17.8,0,205.61
2025-10-19,657,6,9.48,1,303.06
2025-10-20,658,0,13.85,0,194.94
2025-10-21,659,1,10.95,0,193.96
2025-10-22,660,2,9.12,0,154.47
2025-10-23,661,3,18.3,0,153.85
2025-10-24,662,4,7.81,0,225.55
2025-10-25,663,5,6.27,0,251.86
2025-10-26,664,6,10.13,0,233.31
2025-10-27,665,0,15.76,0,186.21
2025-10-28,666,1,17.11,1,214.75
2025-10-29,667,2,19.98,0,150.02
2025-10-30,668,3,9.45,1,213.37
2025-10-31,669,4,11.12,0,201.46
2025-11-01,670,5,7.05,0,257.7
2025-11-02,671,6,13.62,0,197.58
2025-11-03,672,0,19.96,0,174.71
2025-11-04,673,1,15.51,0,186.9
2025-11-05,674,2,13.93,0,176.0
2025-11-06,675,3,10.89,0,150.9
2025-11-07,676,4,18.73,1,206.01
2025-11-08,677,5,12.45,0,254.34
2025-11-09,678,6,7.02,0,242.01
2025-11-10,679,0,10.48,0,170.86
2025-11-11,680,1,6.01,0,242.47
2025-11-12,681,2,8.03,1,245.13
2025-11-13,682,3,5.27,0,253.12
2025-11-14,683,4,11.8,0,215.87
2025-11-15,684,5,14.52,0,228.75
2025-11-16,685,6,10.15,0,240.75
2025-11-17,686,0,11.31,0,210.91
2025-11-18,687,1,19.39,0,203.19
2025-11-19,688,2,16.28,0,187.89
2025-11-20,689,3,13.11,0,171.0
2025-11-21,690,4,9.27,0,234.33
2025-11-22,691,5,18.45,0,230.9
2025-11-23,692,6,8.53,0,266.01
2025-11-24,693,0,9.88,0,204.8
2025-11-25,694,1,18.64,1,232.55
2025-11-26,695,2,12.94,0,202.83
2025-11-27,696,3,16.13,0,227.1
2025-11-28,697,4,13.86,1,240.48
2025-11-29,698,5,14.8,0,221.47
2025-11-30,699,6,9.49,0,242.34
2025-12-01,700,0,8.62,0,215.03
2025-12-02,701,1,9.84,0,198.08
2025-12-03,702,2,7.33,1,220.34
2025-12-04,703,3,18.11,0,180.7
2025-12-05,704,4,9.25,0,242.04
2025-12-06,705,5,13.42,0,231.15
2025-12-07,706,6,16.88,0,251.79
2025-12-08,707,0,16.76,0,194.0
2025-12-09,708,1,11.58,0,227.35
2025-12-10,709,2,12.14,0,205.2
2025-12-11,710,3,19.92,0,199.62
2025-12-12,711,4,15.12,0,220.9
2025-12-13,712,5,17.22,0,251.44
2025-12-14,713,6,18.54,0,223.77
2025-12-15,714,0,16.81,0,205.96
2025-12-16,715,1,7.78,0,238.27
2025-12-17,716,2,13.43,0,196.85
2025-12-18,717,3,6.53,0,254.04
2025-12-19,718,4,14.79,0,256.3
2025-12-20,719,5,19.33,0,226.08
2025-12-21,720,6,12.69,0,253.19
2025-12-22,721,0,11.49,0,241.44
2025-12-23,722,1,5.54,0,271.93
2025-12-24,723,2,19.4,0,188.05
2025-12-25,724,3,6.55,0,217.18
2025-12-26,725,4,5.62,0,284.07
2025-12-27,726,5,8.69,0,241.93
2025-12-28,727,6,5.98,0,311.68
2025-12-29,728,0,11.83,0,228.83
2025-12-30,729,1,12.74,0,233.3
